[    1006ms] [INFO] %cDownload the React DevTools for a better development experience: https://react.dev/link/react-devtools font-weight:bold @ http://localhost:3000/node_modules/.vite/deps/react-dom_client.js?v=f3c57b9b:15804
[  172673ms] [INFO] BSSO Telemetry: {"result":"Error","error":"NoExtension","type":"ChromeSsoTelemetry","data":{},"traces":["BrowserSSO Initialized","Creating ChromeBrowserCore provider","Sending message for method CreateProviderAsync","Received message for method CreateProviderAsync","Error: ChromeBrowserCore error NoExtension: Extension is not installed."]} @ https://aadcdn.msauth.net/shared/1.0/content/js/BssoInterrupt_Core_8k_MLTH5HA-ha6OAu4vroQ2.js:17
[  172933ms] [ERROR] Failed to load resource: the server responded with a status of 404 (Not Found) @ https://login.microsoftonline.com/favicon.ico:0
[  173947ms] [ERROR] Failed to load resource: the server responded with a status of 401 (Unauthorized) @ https://autologon.microsoftazuread-sso.com/008502d6-3f79-46f0-ab37-9354e3fe80ff/winauth/ssoprobe?client-request-id=01a0cdd9-8873-7973-81f4-a814602f0858&_=1790159982126:0
[  174361ms] [VERBOSE] [DOM] Input elements should have autocomplete attributes (suggested: "username"): (More info: https://goo.gl/9p2vKq) %o @ https://login.microsoftonline.com/008502d6-3f79-46f0-ab37-9354e3fe80ff/oauth2/v2.0/authorize?client_id=25ad11d7-5885-4f0e-8424-919bf02e04eb&scope=openid%20profile%20email%20offline_access&redirect_uri=http%3A%2F%2Flocalhost%3A3000&client-request-id=01a0cdd9-8873-7973-81f4-a814602f0858&response_mode=fragment&client_info=1&clidata=1&nonce=01a0cdd9-887b-7c97-b3b0-3ee73d3ecaae&state=eyJpZCI6IjAxYTBjZGQ5LTg4NzctN2Q3My1iZDE3LTc2NTdhYTRhMzExZSIsIm1ldGEiOnsiaW50ZXJhY3Rpb25UeXBlIjoicmVkaXJlY3QifX0%3D&claims=%7B%22id_token%22%3A%7B%22signin_state%22%3A%7B%22essential%22%3Afalse%7D%2C%22login_hint%22%3A%7B%22essential%22%3Afalse%7D%2C%22tenant_region_sub_scope%22%3A%7B%22essential%22%3Afalse%7D%7D%7D&x-client-SKU=msal.js.browser&x-client-VER=5.22.0&response_type=code&code_challenge=kUWgvEdvIjTgUpHsR9k-8HUEFVG6zPgeF4eEfQ5U0Cc&code_challenge_method=S256&sso_reload=true:0
[  223236ms] [WARNING] Two extensions have same priority #3 - SystemPropertiesCollector, SystemPropertiesCollector @ https://mysignins.microsoft.com/bundle/main.69fc3950.js:1
[  223319ms] [LOG] %s [%s] %s INFO AuthLifecycle init @ https://mysignins.microsoft.com/bundle/main.69fc3950.js:1
[  223354ms] [LOG] %s [%s] %s INFO AuthManager interactive @ https://mysignins.microsoft.com/bundle/main.69fc3950.js:1
[  223462ms] [WARNING] Error while trying to use the following icon from the Manifest: https://mysignins.microsoft.com/favicon.ico (Resource size is not correct - typo in the Manifest?) @ https://mysignins.microsoft.com/register?requirement=RegistrationCampaign&authMethods=32&authMethodCount=1:0
[  227547ms] [INFO] %cDownload the React DevTools for a better development experience: https://react.dev/link/react-devtools font-weight:bold @ http://localhost:3000/node_modules/.vite/deps/react-dom_client.js?v=f3c57b9b:15804
[  229437ms] [INFO] %cDownload the React DevTools for a better development experience: https://react.dev/link/react-devtools font-weight:bold @ http://localhost:3000/node_modules/.vite/deps/react-dom_client.js?v=f3c57b9b:15804
[  564358ms] [LOG] [vite] server connection lost. Polling for restart... @ http://localhost:3000/@vite/client:1030
[  565822ms] [INFO] %cDownload the React DevTools for a better development experience: https://react.dev/link/react-devtools font-weight:bold @ http://localhost:3000/node_modules/.vite/deps/react-dom_client.js?v=f3c57b9b:15804
[  879203ms] [ERROR] Failed to load resource: the server responded with a status of 500 (Internal Server Error) @ http://localhost:3000/src/features/admin/UsersPage.jsx?t=1790160687684:0
[  879205ms] [ERROR] [vite] Failed to reload /src/features/admin/UsersPage.jsx. This could be due to syntax errors or importing non-existent modules. (see errors above) @ http://localhost:3000/@vite/client:962
[  896877ms] [ERROR] [vite] Failed to reload /src/features/admin/AdminConsole.jsx. This could be due to syntax errors or importing non-existent modules. (see errors above) @ http://localhost:3000/@vite/client:962
[ 1044655ms] [ERROR] [vite] Failed to reload /src/App.jsx. This could be due to syntax errors or importing non-existent modules. (see errors above) @ http://localhost:3000/@vite/client:962
[ 1056135ms] [ERROR] [vite] Failed to reload /src/App.jsx. This could be due to syntax errors or importing non-existent modules. (see errors above) @ http://localhost:3000/@vite/client:962
[ 1342142ms] [LOG] [vite] server connection lost. Polling for restart... @ http://localhost:3000/@vite/client:1030
[ 1344341ms] [INFO] %cDownload the React DevTools for a better development experience: https://react.dev/link/react-devtools font-weight:bold @ http://localhost:3000/node_modules/.vite/deps/react-dom_client.js?v=f3c57b9b:15804
